#
# A fatal error has been detected by the Java Runtime Environment:
#
#  EXCEPTION_ACCESS_VIOLATION (0xc0000005) at pc=0x00007ffffc68a780, pid=8040, tid=0x0000000000002384
#
# JRE version: OpenJDK Runtime Environment (8.0_372-b07) (build 1.8.0_372-b07)
# Java VM: OpenJDK 64-Bit Server VM (25.372-b07 mixed mode windows-amd64 compressed oops)
# Problematic frame:
# C  [nvoglv64.dll+0x143a780]
#
# Failed to write core dump. Minidumps are not enabled by default on client versions of Windows
#
# If you would like to submit a bug report, please visit:
#   https://github.com/corretto/corretto-8/issues/
# The crash happened outside the Java Virtual Machine in native code.
# See problematic frame for where to report the bug.
#

---------------  T H R E A D  ---------------

Current thread (0x00000200a508e800):  JavaThread "Thread-3" daemon [_thread_in_native, id=9092, stack(0x000000757c300000,0x000000757c400000)]

siginfo: ExceptionCode=0xc0000005, reading address 0x0000000000000000

Registers:
RAX=0x00000200aa302620, RBX=0x0000000000000000, RCX=0x0000000000000020, RDX=0x0000000000000000
RSP=0x000000757c3fd4e8, RBP=0x0000000000000200, RSI=0x0000000000000000, RDI=0x00000200aa302600
R8 =0x0000000000000008, R9 =0x0000000000000000, R10=0x0000000000000000, R11=0x0000000000000000
R12=0x0000000000000000, R13=0x0000000000000000, R14=0x0000000000000080, R15=0x0000000000000004
RIP=0x00007ffffc68a780, EFLAGS=0x0000000000010246

Top of Stack: (sp=0x000000757c3fd4e8)
0x000000757c3fd4e8:   00007ffffc68a3f3 00000200b03bc1a0
0x000000757c3fd4f8:   00000200b03bc3d8 000000757c3fd540
0x000000757c3fd508:   0000020000000000 0000000000000004
0x000000757c3fd518:   00007ffffbf7c64a 000000757c3fda00
0x000000757c3fd528:   0000000000000000 0000000000000200
0x000000757c3fd538:   00007ffffc5cb760 00000200aa302600
0x000000757c3fd548:   0000000000000080 0000000000000080
0x000000757c3fd558:   0000000000000080 00007ffffc6a53b0
0x000000757c3fd568:   0000000000000000 0000000000000200
0x000000757c3fd578:   0000000000001290 0000000000000000
0x000000757c3fd588:   00000200ae4d6de8 000000757c3fda00
0x000000757c3fd598:   00000200b0370000 0000000000000000
0x000000757c3fd5a8:   00000200aa302600 00000200ae4cedf0
0x000000757c3fd5b8:   000000757c3fda70 0000000000000200
0x000000757c3fd5c8:   00007ffffc6f5c63 00000200b0370000
0x000000757c3fd5d8:   0000007500000004 0000007500000001 

Instructions: (pc=0x00007ffffc68a780)
0x00007ffffc68a760:   10 59 10 48 8d 49 40 0f 11 40 a0 0f 11 48 b0 0f
0x00007ffffc68a770:   11 50 c0 0f 11 58 d0 49 83 e8 01 75 d3 c3 66 90
0x00007ffffc68a780:   0f 10 41 e0 48 8d 40 40 0f 10 49 f0 0f 10 11 0f
0x00007ffffc68a790:   10 59 10 48 8d 49 40 0f 11 40 a0 0f 11 48 b0 0f 


Register to memory mapping:

RAX=0x00000200aa302620 is an unknown value
RBX=0x0000000000000000 is an unknown value
RCX=0x0000000000000020 is an unknown value
RDX=0x0000000000000000 is an unknown value
RSP=0x000000757c3fd4e8 is pointing into the stack for thread: 0x00000200a508e800
RBP=0x0000000000000200 is an unknown value
RSI=0x0000000000000000 is an unknown value
RDI=0x00000200aa302600 is an unknown value
R8 =0x0000000000000008 is an unknown value
R9 =0x0000000000000000 is an unknown value
R10=0x0000000000000000 is an unknown value
R11=0x0000000000000000 is an unknown value
R12=0x0000000000000000 is an unknown value
R13=0x0000000000000000 is an unknown value
R14=0x0000000000000080 is an unknown value
R15=0x0000000000000004 is an unknown value


Stack: [0x000000757c300000,0x000000757c400000],  sp=0x000000757c3fd4e8,  free space=1013k
Native frames: (J=compiled Java code, j=interpreted, Vv=VM code, C=native code)
C  [nvoglv64.dll+0x143a780]

Java frames: (J=compiled Java code, j=interpreted, Vv=VM code)
j  org.lwjgl.opengl.GL11.nglDrawPixels(IIIIJ)V+0
j  org.lwjgl.opengl.GL11.glDrawPixels(IIIILjava/nio/IntBuffer;)V+9
j  rt4.GlRaster.drawPixels([IIIII)V+59
j  rt4.WorldMap.method2225(IIII)V+515
J 3364 C1 rt4.Cs1ScriptRunner.renderComponent(III[Lrt4/Component;IIIII)V (6839 bytes) @ 0x0000020080eb3adc [0x0000020080eb1d20+0x1dbc]
J 3364 C1 rt4.Cs1ScriptRunner.renderComponent(III[Lrt4/Component;IIIII)V (6839 bytes) @ 0x0000020080eb74ec [0x0000020080eb1d20+0x57cc]
J 3364 C1 rt4.Cs1ScriptRunner.renderComponent(III[Lrt4/Component;IIIII)V (6839 bytes) @ 0x0000020080eb74ec [0x0000020080eb1d20+0x57cc]
J 2867 C1 rt4.Cs1ScriptRunner.method86(IIIIIIII)V (70 bytes) @ 0x000002008139b63c [0x000002008139b380+0x2bc]
J 2855 C1 rt4.Cs1ScriptRunner.method182()V (60 bytes) @ 0x000002008138cd14 [0x000002008138cc40+0xd4]
J 3331 C1 rt4.LoginManager.method1841()V (539 bytes) @ 0x0000020081130d34 [0x0000020081130460+0x8d4]
J 3120 C2 rt4.client.mainRedraw()V (830 bytes) @ 0x000002008083f49c [0x000002008083f280+0x21c]
J 2755 C1 rt4.GameShell.mainRedrawWrapper()V (223 bytes) @ 0x000002008123dc3c [0x000002008123cd20+0xf1c]
J 864% C2 rt4.GameShell.run()V (423 bytes) @ 0x00000200804e4be4 [0x00000200804e4b60+0x84]
j  java.lang.Thread.run()V+11
v  ~StubRoutines::call_stub

---------------  P R O C E S S  ---------------

Java Threads: ( => current thread )
  0x00000200b3441800 JavaThread "Thread-10" daemon [_thread_blocked, id=4028, stack(0x000000757c000000,0x000000757c100000)]
  0x00000200acaaf000 JavaThread "Thread-8" daemon [_thread_blocked, id=15220, stack(0x000000757cf70000,0x000000757d070000)]
  0x00000200acaae800 JavaThread "Thread-7" daemon [_thread_blocked, id=10852, stack(0x000000757cc70000,0x000000757cd70000)]
  0x00000200acab1800 JavaThread "Java Sound Event Dispatcher" daemon [_thread_blocked, id=10292, stack(0x000000757c870000,0x000000757c970000)]
  0x00000200a31c5800 JavaThread "Thread-5" daemon [_thread_blocked, id=8, stack(0x000000757c570000,0x000000757c670000)]
  0x00000200a31c4000 JavaThread "DestroyJavaVM" [_thread_blocked, id=17268, stack(0x0000007579700000,0x0000007579800000)]
  0x00000200a5108800 JavaThread "Thread-4" daemon [_thread_blocked, id=21092, stack(0x000000757c400000,0x000000757c500000)]
=>0x00000200a508e800 JavaThread "Thread-3" daemon [_thread_in_native, id=9092, stack(0x000000757c300000,0x000000757c400000)]
  0x00000200a5088800 JavaThread "Thread-2" daemon [_thread_blocked, id=4700, stack(0x000000757c200000,0x000000757c300000)]
  0x00000200a5040800 JavaThread "D3D Screen Updater" daemon [_thread_blocked, id=5564, stack(0x000000757c100000,0x000000757c200000)]
  0x00000200a5001800 JavaThread "AWT-EventQueue-0" [_thread_blocked, id=20764, stack(0x000000757bf00000,0x000000757c000000)]
  0x00000200a4bd0800 JavaThread "AWT-Windows" daemon [_thread_in_native, id=2408, stack(0x000000757bc00000,0x000000757bd00000)]
  0x00000200a4bcb000 JavaThread "AWT-Shutdown" [_thread_blocked, id=15096, stack(0x000000757bb00000,0x000000757bc00000)]
  0x00000200a4bc7800 JavaThread "Java2D Disposer" daemon [_thread_blocked, id=10684, stack(0x000000757ba00000,0x000000757bb00000)]
  0x00000200a329d000 JavaThread "Service Thread" daemon [_thread_blocked, id=7764, stack(0x000000757b800000,0x000000757b900000)]
  0x00000200a31cb000 JavaThread "C1 CompilerThread11" daemon [_thread_blocked, id=13096, stack(0x000000757b700000,0x000000757b800000)]
  0x00000200a31c9800 JavaThread "C1 CompilerThread10" daemon [_thread_blocked, id=15568, stack(0x000000757b600000,0x000000757b700000)]
  0x00000200a31c8800 JavaThread "C1 CompilerThread9" daemon [_thread_blocked, id=19476, stack(0x000000757b500000,0x000000757b600000)]
  0x00000200a31c8000 JavaThread "C1 CompilerThread8" daemon [_thread_blocked, id=7732, stack(0x000000757b400000,0x000000757b500000)]
  0x00000200a31ca800 JavaThread "C2 CompilerThread7" daemon [_thread_blocked, id=17996, stack(0x000000757b300000,0x000000757b400000)]
  0x00000200a31c7000 JavaThread "C2 CompilerThread6" daemon [_thread_blocked, id=3880, stack(0x000000757b200000,0x000000757b300000)]
  0x00000200a31c6800 JavaThread "C2 CompilerThread5" daemon [_thread_in_native, id=11980, stack(0x000000757b100000,0x000000757b200000)]
  0x00000200a31c5000 JavaThread "C2 CompilerThread4" daemon [_thread_blocked, id=4160, stack(0x000000757b000000,0x000000757b100000)]
  0x00000200a31b5000 JavaThread "C2 CompilerThread3" daemon [_thread_blocked, id=576, stack(0x000000757af00000,0x000000757b000000)]
  0x00000200a31aa000 JavaThread "C2 CompilerThread2" daemon [_thread_blocked, id=18640, stack(0x000000757ae00000,0x000000757af00000)]
  0x00000200a31a9800 JavaThread "C2 CompilerThread1" daemon [_thread_blocked, id=15584, stack(0x000000757ad00000,0x000000757ae00000)]
  0x00000200a31a2800 JavaThread "C2 CompilerThread0" daemon [_thread_blocked, id=4528, stack(0x000000757ac00000,0x000000757ad00000)]
  0x00000200a31a5000 JavaThread "Attach Listener" daemon [_thread_blocked, id=13660, stack(0x000000757ab00000,0x000000757ac00000)]
  0x00000200a31a4000 JavaThread "Signal Dispatcher" daemon [_thread_blocked, id=4388, stack(0x000000757aa00000,0x000000757ab00000)]
  0x00000200a1345800 JavaThread "Finalizer" daemon [_thread_blocked, id=16944, stack(0x000000757a900000,0x000000757aa00000)]
  0x00000200a3183000 JavaThread "Reference Handler" daemon [_thread_blocked, id=15240, stack(0x000000757a800000,0x000000757a900000)]

Other Threads:
  0x00000200ffc9e800 VMThread [stack: 0x000000757a700000,0x000000757a800000] [id=15020]
  0x00000200a328e800 WatcherThread [stack: 0x000000757b900000,0x000000757ba00000] [id=17980]

VM state:not at safepoint (normal execution)

VM Mutex/Monitor currently owned by a thread: None

heap address: 0x00000005c2800000, size: 8152 MB, Compressed Oops mode: Zero based, Oop shift amount: 3
Narrow klass base: 0x0000000000000000, Narrow klass shift: 3
Compressed class space size: 1073741824 Address: 0x00000007c0000000

Heap:
 PSYoungGen      total 152576K, used 5244K [0x0000000716300000, 0x0000000720d00000, 0x00000007c0000000)
  eden space 131072K, 4% used [0x0000000716300000,0x000000071681f380,0x000000071e300000)
  from space 21504K, 0% used [0x000000071f800000,0x000000071f800000,0x0000000720d00000)
  to   space 21504K, 0% used [0x000000071e300000,0x000000071e300000,0x000000071f800000)
 ParOldGen       total 348160K, used 45213K [0x00000005c2800000, 0x00000005d7c00000, 0x0000000716300000)
  object space 348160K, 12% used [0x00000005c2800000,0x00000005c5427740,0x00000005d7c00000)
 Metaspace       used 18876K, capacity 19221K, committed 19456K, reserved 1067008K
  class space    used 1672K, capacity 1757K, committed 1792K, reserved 1048576K

Card table byte_map: [0x00000200feb10000,0x00000200ffb00000] byte_map_base: 0x00000200fbcfc000

Marking Bits: (ParMarkBitMap*) 0x0000000060646850
 Begin Bits: [0x000002008faa0000, 0x0000020097a00000)
 End Bits:   [0x0000020097a00000, 0x000002009f960000)

Polling page: 0x00000200fcba0000

CodeCache: size=245760Kb used=17641Kb max_used=20302Kb free=228118Kb
 bounds [0x0000020080000000, 0x00000200813e0000, 0x000002008f000000]
 total_blobs=4098 nmethods=2874 adapters=1133
 compilation: enabled

Compilation events (10 events):
Event: 8.527 Thread 0x00000200a31c9800 3652       3       rt4.WorldMapFont::method1503 (10 bytes)
Event: 8.527 Thread 0x00000200a31c8800 3653       3       rt4.WorldMapFont::renderGlyph (329 bytes)
Event: 8.527 Thread 0x00000200a31c9800 nmethod 3652 0x0000020080849810 code [0x0000020080849960, 0x0000020080849af8]
Event: 8.527 Thread 0x00000200a31cb000 nmethod 3649% 0x0000020080e26ad0 code [0x0000020080e26da0, 0x0000020080e28870]
Event: 8.527 Thread 0x00000200a31c9800 3655       3       rt4.WorldMapFont::getStringWidth (116 bytes)
Event: 8.527 Thread 0x00000200a31cb000 3654       3       rt4.WorldMapFont::renderStringCenter (63 bytes)
Event: 8.527 Thread 0x00000200a31c8800 nmethod 3653 0x0000020080ea8210 code [0x0000020080ea83a0, 0x0000020080ea8960]
Event: 8.527 Thread 0x00000200a31c9800 nmethod 3655 0x0000020081086190 code [0x0000020081086340, 0x0000020081086dd8]
Event: 8.527 Thread 0x00000200a31c8000 nmethod 3650 0x0000020080cb1590 code [0x0000020080cb1760, 0x0000020080cb1e18]
Event: 8.527 Thread 0x00000200a31cb000 nmethod 3654 0x0000020081085990 code [0x0000020081085b20, 0x0000020081085f80]

GC Heap History (10 events):
Event: 7.072 GC heap before
{Heap before GC invocations=7 (full 3):
 PSYoungGen      total 152576K, used 131072K [0x0000000716300000, 0x0000000720d00000, 0x00000007c0000000)
  eden space 131072K, 100% used [0x0000000716300000,0x000000071e300000,0x000000071e300000)
  from space 21504K, 0% used [0x000000071e300000,0x000000071e300000,0x000000071f800000)
  to   space 21504K, 0% used [0x000000071f800000,0x000000071f800000,0x0000000720d00000)
 ParOldGen       total 348160K, used 19868K [0x00000005c2800000, 0x00000005d7c00000, 0x0000000716300000)
  object space 348160K, 5% used [0x00000005c2800000,0x00000005c3b67188,0x00000005d7c00000)
 Metaspace       used 18579K, capacity 18823K, committed 19200K, reserved 1067008K
  class space    used 1670K, capacity 1756K, committed 1792K, reserved 1048576K
Event: 7.078 GC heap after
Heap after GC invocations=7 (full 3):
 PSYoungGen      total 152576K, used 21492K [0x0000000716300000, 0x0000000720d00000, 0x00000007c0000000)
  eden space 131072K, 0% used [0x0000000716300000,0x0000000716300000,0x000000071e300000)
  from space 21504K, 99% used [0x000000071f800000,0x0000000720cfd0a8,0x0000000720d00000)
  to   space 21504K, 0% used [0x000000071e300000,0x000000071e300000,0x000000071f800000)
 ParOldGen       total 348160K, used 32093K [0x00000005c2800000, 0x00000005d7c00000, 0x0000000716300000)
  object space 348160K, 9% used [0x00000005c2800000,0x00000005c4757508,0x00000005d7c00000)
 Metaspace       used 18579K, capacity 18823K, committed 19200K, reserved 1067008K
  class space    used 1670K, capacity 1756K, committed 1792K, reserved 1048576K
}
Event: 8.206 GC heap before
{Heap before GC invocations=8 (full 3):
 PSYoungGen      total 152576K, used 38757K [0x0000000716300000, 0x0000000720d00000, 0x00000007c0000000)
  eden space 131072K, 13% used [0x0000000716300000,0x00000007173dc590,0x000000071e300000)
  from space 21504K, 99% used [0x000000071f800000,0x0000000720cfd0a8,0x0000000720d00000)
  to   space 21504K, 0% used [0x000000071e300000,0x000000071e300000,0x000000071f800000)
 ParOldGen       total 348160K, used 32093K [0x00000005c2800000, 0x00000005d7c00000, 0x0000000716300000)
  object space 348160K, 9% used [0x00000005c2800000,0x00000005c4757508,0x00000005d7c00000)
 Metaspace       used 18631K, capacity 18901K, committed 19200K, reserved 1067008K
  class space    used 1670K, capacity 1757K, committed 1792K, reserved 1048576K
Event: 8.208 GC heap after
Heap after GC invocations=8 (full 3):
 PSYoungGen      total 152576K, used 10088K [0x0000000716300000, 0x0000000720d00000, 0x00000007c0000000)
  eden space 131072K, 0% used [0x0000000716300000,0x0000000716300000,0x000000071e300000)
  from space 21504K, 46% used [0x000000071e300000,0x000000071ecda128,0x000000071f800000)
  to   space 21504K, 0% used [0x000000071f800000,0x000000071f800000,0x0000000720d00000)
 ParOldGen       total 348160K, used 32101K [0x00000005c2800000, 0x00000005d7c00000, 0x0000000716300000)
  object space 348160K, 9% used [0x00000005c2800000,0x00000005c4759508,0x00000005d7c00000)
 Metaspace       used 18631K, capacity 18901K, committed 19200K, reserved 1067008K
  class space    used 1670K, capacity 1757K, committed 1792K, reserved 1048576K
}
Event: 8.208 GC heap before
{Heap before GC invocations=9 (full 4):
 PSYoungGen      total 152576K, used 10088K [0x0000000716300000, 0x0000000720d00000, 0x00000007c0000000)
  eden space 131072K, 0% used [0x0000000716300000,0x0000000716300000,0x000000071e300000)
  from space 21504K, 46% used [0x000000071e300000,0x000000071ecda128,0x000000071f800000)
  to   space 21504K, 0% used [0x000000071f800000,0x000000071f800000,0x0000000720d00000)
 ParOldGen       total 348160K, used 32101K [0x00000005c2800000, 0x00000005d7c00000, 0x0000000716300000)
  object space 348160K, 9% used [0x00000005c2800000,0x00000005c4759508,0x00000005d7c00000)
 Metaspace       used 18631K, capacity 18901K, committed 19200K, reserved 1067008K
  class space    used 1670K, capacity 1757K, committed 1792K, reserved 1048576K
Event: 8.231 GC heap after
Heap after GC invocations=9 (full 4):
 PSYoungGen      total 152576K, used 0K [0x0000000716300000, 0x0000000720d00000, 0x00000007c0000000)
  eden space 131072K, 0% used [0x0000000716300000,0x0000000716300000,0x000000071e300000)
  from space 21504K, 0% used [0x000000071e300000,0x000000071e300000,0x000000071f800000)
  to   space 21504K, 0% used [0x000000071f800000,0x000000071f800000,0x0000000720d00000)
 ParOldGen       total 348160K, used 23212K [0x00000005c2800000, 0x00000005d7c00000, 0x0000000716300000)
  object space 348160K, 6% used [0x00000005c2800000,0x00000005c3eab3b8,0x00000005d7c00000)
 Metaspace       used 18631K, capacity 18901K, committed 19200K, reserved 1067008K
  class space    used 1670K, capacity 1757K, committed 1792K, reserved 1048576K
}
Event: 8.480 GC heap before
{Heap before GC invocations=10 (full 4):
 PSYoungGen      total 152576K, used 56933K [0x0000000716300000, 0x0000000720d00000, 0x00000007c0000000)
  eden space 131072K, 43% used [0x0000000716300000,0x0000000719a99508,0x000000071e300000)
  from space 21504K, 0% used [0x000000071e300000,0x000000071e300000,0x000000071f800000)
  to   space 21504K, 0% used [0x000000071f800000,0x000000071f800000,0x0000000720d00000)
 ParOldGen       total 348160K, used 23212K [0x00000005c2800000, 0x00000005d7c00000, 0x0000000716300000)
  object space 348160K, 6% used [0x00000005c2800000,0x00000005c3eab3b8,0x00000005d7c00000)
 Metaspace       used 18853K, capacity 19157K, committed 19456K, reserved 1067008K
  class space    used 1672K, capacity 1757K, committed 1792K, reserved 1048576K
Event: 8.482 GC heap after
Heap after GC invocations=10 (full 4):
 PSYoungGen      total 152576K, used 21495K [0x0000000716300000, 0x0000000720d00000, 0x00000007c0000000)
  eden space 131072K, 0% used [0x0000000716300000,0x0000000716300000,0x000000071e300000)
  from space 21504K, 99% used [0x000000071f800000,0x0000000720cfdc00,0x0000000720d00000)
  to   space 21504K, 0% used [0x000000071e300000,0x000000071e300000,0x000000071f800000)
 ParOldGen       total 348160K, used 25238K [0x00000005c2800000, 0x00000005d7c00000, 0x0000000716300000)
  object space 348160K, 7% used [0x00000005c2800000,0x00000005c40a5b88,0x00000005d7c00000)
 Metaspace       used 18853K, capacity 19157K, committed 19456K, reserved 1067008K
  class space    used 1672K, capacity 1757K, committed 1792K, reserved 1048576K
}
Event: 8.482 GC heap before
{Heap before GC invocations=11 (full 5):
 PSYoungGen      total 152576K, used 21495K [0x0000000716300000, 0x0000000720d00000, 0x00000007c0000000)
  eden space 131072K, 0% used [0x0000000716300000,0x0000000716300000,0x000000071e300000)
  from space 21504K, 99% used [0x000000071f800000,0x0000000720cfdc00,0x0000000720d00000)
  to   space 21504K, 0% used [0x000000071e300000,0x000000071e300000,0x000000071f800000)
 ParOldGen       total 348160K, used 25238K [0x00000005c2800000, 0x00000005d7c00000, 0x0000000716300000)
  object space 348160K, 7% used [0x00000005c2800000,0x00000005c40a5b88,0x00000005d7c00000)
 Metaspace       used 18853K, capacity 19157K, committed 19456K, reserved 1067008K
  class space    used 1672K, capacity 1757K, committed 1792K, reserved 1048576K
Event: 8.512 GC heap after
Heap after GC invocations=11 (full 5):
 PSYoungGen      total 152576K, used 0K [0x0000000716300000, 0x0000000720d00000, 0x00000007c0000000)
  eden space 131072K, 0% used [0x0000000716300000,0x0000000716300000,0x000000071e300000)
  from space 21504K, 0% used [0x000000071f800000,0x000000071f800000,0x0000000720d00000)
  to   space 21504K, 0% used [0x000000071e300000,0x000000071e300000,0x000000071f800000)
 ParOldGen       total 348160K, used 45213K [0x00000005c2800000, 0x00000005d7c00000, 0x0000000716300000)
  object space 348160K, 12% used [0x00000005c2800000,0x00000005c5427740,0x00000005d7c00000)
 Metaspace       used 18853K, capacity 19157K, committed 19456K, reserved 1067008K
  class space    used 1672K, capacity 1757K, committed 1792K, reserved 1048576K
}

Deoptimization events (10 events):
Event: 8.233 Thread 0x00000200a508e800 Uncommon trap: reason=unstable_if action=reinterpret pc=0x00000200806f682c method=rt4.Font.renderParagraphAlpha(Lrt4/JagString;IIIIIIIII)I @ 62
Event: 8.234 Thread 0x00000200a508e800 Uncommon trap: reason=unstable_if action=reinterpret pc=0x000002008116a4e0 method=rt4.InterfaceList.method946([Lrt4/Component;IIIIIII)V @ 958
Event: 8.244 Thread 0x00000200a508e800 Uncommon trap: reason=unstable_if action=reinterpret pc=0x0000020080556598 method=rt4.Bzip2Decompressor.unRleObufToOutputFast(Lrt4/Bzip2DState;)V @ 319
Event: 8.246 Thread 0x00000200a508e800 Uncommon trap: reason=unstable_if action=reinterpret pc=0x0000020080560ad0 method=rt4.Bzip2Decompressor.unRleObufToOutputFast(Lrt4/Bzip2DState;)V @ 319
Event: 8.260 Thread 0x00000200a508e800 Uncommon trap: reason=unstable_if action=reinterpret pc=0x0000020081134644 method=rt4.Bzip2Decompressor.unRleObufToOutputFast(Lrt4/Bzip2DState;)V @ 278
Event: 8.294 Thread 0x00000200a508e800 Uncommon trap: reason=unstable_if action=reinterpret pc=0x0000020080962674 method=rt4.ColorUtils.method1309(III)I @ 46
Event: 8.347 Thread 0x00000200a508e800 Uncommon trap: reason=predicate action=maybe_recompile pc=0x00000200809759a4 method=rt4.WorldMap.readUnderlay(Lrt4/Buffer;)V @ 341
Event: 8.347 Thread 0x00000200a508e800 Uncommon trap: reason=unstable_if action=reinterpret pc=0x00000200810519ac method=rt4.WorldMap.readUnderlay(Lrt4/Buffer;)V @ 351
Event: 8.369 Thread 0x00000200a508e800 Uncommon trap: reason=unstable_if action=reinterpret pc=0x00000200812bc464 method=rt4.WorldMap.readOverlay2(Lrt4/Buffer;)V @ 201
Event: 8.520 Thread 0x00000200a508e800 Uncommon trap: reason=unstable_if action=reinterpret pc=0x0000020080eaca28 method=rt4.SoftwareRaster.drawHorizontalLine(IIII)V @ 40

Classes redefined (0 events):
No events

Internal exceptions (10 events):
Event: 8.480 Thread 0x00000200a508e800 Implicit null exception at 0x00000200808ddbb0 to 0x00000200808dddf2
Event: 8.480 Thread 0x00000200a508e800 Exception <a 'java/lang/NullPointerException'> (0x0000000719a5a5e0) thrown at [C:\wsjdk\Corretto8Src\installers\windows\zip\corretto-build\buildRoot\hotspot\src\share\vm\runtime\sharedRuntime.cpp, line 610]
Event: 8.480 Thread 0x00000200a508e800 Implicit null exception at 0x00000200808ddbb0 to 0x00000200808dddf2
Event: 8.480 Thread 0x00000200a508e800 Exception <a 'java/lang/NullPointerException'> (0x0000000719a5c738) thrown at [C:\wsjdk\Corretto8Src\installers\windows\zip\corretto-build\buildRoot\hotspot\src\share\vm\runtime\sharedRuntime.cpp, line 610]
Event: 8.480 Thread 0x00000200a508e800 Implicit null exception at 0x00000200808ddbb0 to 0x00000200808dddf2
Event: 8.480 Thread 0x00000200a508e800 Exception <a 'java/lang/NullPointerException'> (0x0000000719a5e890) thrown at [C:\wsjdk\Corretto8Src\installers\windows\zip\corretto-build\buildRoot\hotspot\src\share\vm\runtime\sharedRuntime.cpp, line 610]
Event: 8.480 Thread 0x00000200a508e800 Implicit null exception at 0x00000200808ddbb0 to 0x00000200808dddf2
Event: 8.480 Thread 0x00000200a508e800 Exception <a 'java/lang/NullPointerException'> (0x0000000719a61858) thrown at [C:\wsjdk\Corretto8Src\installers\windows\zip\corretto-build\buildRoot\hotspot\src\share\vm\runtime\sharedRuntime.cpp, line 610]
Event: 8.480 Thread 0x00000200a508e800 Implicit null exception at 0x00000200808ddbb0 to 0x00000200808dddf2
Event: 8.480 Thread 0x00000200a508e800 Exception <a 'java/lang/NullPointerException'> (0x0000000719a64488) thrown at [C:\wsjdk\Corretto8Src\installers\windows\zip\corretto-build\buildRoot\hotspot\src\share\vm\runtime\sharedRuntime.cpp, line 610]

Events (10 events):
Event: 8.478 Thread 0x00000200a508e800 DEOPT UNPACKING pc=0x00000200800475d8 sp=0x000000757c3fda90 mode 0
Event: 8.480 Thread 0x00000200a508e800 DEOPT PACKING pc=0x0000020080eaf29b sp=0x000000757c3fde50
Event: 8.480 Thread 0x00000200a508e800 DEOPT UNPACKING pc=0x00000200800475d8 sp=0x000000757c3fdbe8 mode 0
Event: 8.480 Executing VM operation: ParallelGCSystemGC
Event: 8.513 Executing VM operation: ParallelGCSystemGC done
Event: 8.513 Executing VM operation: RevokeBias
Event: 8.513 Executing VM operation: RevokeBias done
Event: 8.520 Thread 0x00000200a508e800 Uncommon trap: trap_request=0xffffff65 fr.pc=0x0000020080eaca28
Event: 8.520 Thread 0x00000200a508e800 DEOPT PACKING pc=0x0000020080eaca28 sp=0x000000757c3fdd30
Event: 8.520 Thread 0x00000200a508e800 DEOPT UNPACKING pc=0x0000020080045583 sp=0x000000757c3fdcd0 mode 2


Dynamic libraries:
0x00007ff740500000 - 0x00007ff74053a000 	C:\Users\Anon\.jdks\corretto-1.8.0_372\bin\java.exe
0x00007ff8681d0000 - 0x00007ff8683e4000 	C:\Windows\SYSTEM32\ntdll.dll
0x00007ff867030000 - 0x00007ff8670f2000 	C:\Windows\System32\KERNEL32.DLL
0x00007ff865710000 - 0x00007ff865ab3000 	C:\Windows\System32\KERNELBASE.dll
0x00007ff866e90000 - 0x00007ff866f3e000 	C:\Windows\System32\ADVAPI32.dll
0x00007ff865fb0000 - 0x00007ff866057000 	C:\Windows\System32\msvcrt.dll
0x00007ff8676b0000 - 0x00007ff867754000 	C:\Windows\System32\sechost.dll
0x00007ff867c70000 - 0x00007ff867d87000 	C:\Windows\System32\RPCRT4.dll
0x00007ff867100000 - 0x00007ff8672ab000 	C:\Windows\System32\USER32.dll
0x00007ff865ac0000 - 0x00007ff865ae6000 	C:\Windows\System32\win32u.dll
0x00007ff867780000 - 0x00007ff8677a9000 	C:\Windows\System32\GDI32.dll
0x00007ff865d20000 - 0x00007ff865e39000 	C:\Windows\System32\gdi32full.dll
0x00007ff865c80000 - 0x00007ff865d1a000 	C:\Windows\System32\msvcp_win.dll
0x00007ff865af0000 - 0x00007ff865c01000 	C:\Windows\System32\ucrtbase.dll
0x00007ff84a0a0000 - 0x00007ff84a32e000 	C:\Windows\WinSxS\amd64_microsoft.windows.common-controls_6595b64144ccf1df_6.0.22621.1635_none_270f70857386168e\COMCTL32.dll
0x00007ff867c30000 - 0x00007ff867c61000 	C:\Windows\System32\IMM32.DLL
0x00007fffff2c0000 - 0x00007fffff3af000 	C:\Users\Anon\.jdks\corretto-1.8.0_372\jre\bin\msvcr120.dll
0x00007fffff020000 - 0x00007fffff0c6000 	C:\Users\Anon\.jdks\corretto-1.8.0_372\jre\bin\msvcp120.dll
0x000000005fe50000 - 0x00000000606c5000 	C:\Users\Anon\.jdks\corretto-1.8.0_372\jre\bin\server\jvm.dll
0x00007ff866110000 - 0x00007ff866118000 	C:\Windows\System32\PSAPI.DLL
0x00007ff85edd0000 - 0x00007ff85edd9000 	C:\Windows\SYSTEM32\WSOCK32.dll
0x00007ff85e7a0000 - 0x00007ff85e7aa000 	C:\Windows\SYSTEM32\VERSION.dll
0x00007ff85e380000 - 0x00007ff85e3b4000 	C:\Windows\SYSTEM32\WINMM.dll
0x00007ff8677c0000 - 0x00007ff867831000 	C:\Windows\System32\WS2_32.dll
0x00007ff8586c0000 - 0x00007ff8586cf000 	C:\Users\Anon\.jdks\corretto-1.8.0_372\jre\bin\verify.dll
0x00007ff846f40000 - 0x00007ff846f69000 	C:\Users\Anon\.jdks\corretto-1.8.0_372\jre\bin\java.dll
0x00007ff8586a0000 - 0x00007ff8586b6000 	C:\Users\Anon\.jdks\corretto-1.8.0_372\jre\bin\zip.dll
0x00007ff8661b0000 - 0x00007ff8669aa000 	C:\Windows\System32\SHELL32.dll
0x00007ff863580000 - 0x00007ff863e4e000 	C:\Windows\SYSTEM32\windows.storage.dll
0x00007ff867840000 - 0x00007ff867bc9000 	C:\Windows\System32\combase.dll
0x00007ff863440000 - 0x00007ff86357e000 	C:\Windows\SYSTEM32\wintypes.dll
0x00007ff867390000 - 0x00007ff867481000 	C:\Windows\System32\SHCORE.dll
0x00007ff867bd0000 - 0x00007ff867c2e000 	C:\Windows\System32\shlwapi.dll
0x00007ff865500000 - 0x00007ff865521000 	C:\Windows\SYSTEM32\profapi.dll
0x00007ffffee80000 - 0x00007fffff015000 	C:\Users\Anon\.jdks\corretto-1.8.0_372\jre\bin\awt.dll
0x00007ff8672b0000 - 0x00007ff867387000 	C:\Windows\System32\OLEAUT32.dll
0x00007ff8624e0000 - 0x00007ff862577000 	C:\Windows\SYSTEM32\apphelp.dll
0x00007ff862b00000 - 0x00007ff862b2b000 	C:\Windows\system32\DWMAPI.DLL
0x00007ff8626f0000 - 0x00007ff86279b000 	C:\Windows\system32\uxtheme.dll
0x00007ff81b2d0000 - 0x00007ff81b3d0000 	C:\Windows\system32\opengl32.dll
0x00007ff81b9f0000 - 0x00007ff81ba1d000 	C:\Windows\SYSTEM32\GLU32.dll
0x00007ff8627d0000 - 0x00007ff862808000 	C:\Windows\SYSTEM32\dxcore.dll
0x00007ff867f60000 - 0x00007ff868087000 	C:\Windows\System32\MSCTF.dll
0x00007ff867510000 - 0x00007ff8676ac000 	C:\Windows\System32\ole32.dll
0x00007ff864550000 - 0x00007ff864568000 	C:\Windows\SYSTEM32\kernel.appcore.dll
0x00007ff865690000 - 0x00007ff86570b000 	C:\Windows\System32\bcryptPrimitives.dll
0x00007ff850ba0000 - 0x00007ff850d49000 	C:\Windows\system32\d3d9.dll
0x00007ff857da0000 - 0x00007ff857e5e000 	C:\Windows\System32\DriverStore\FileRepository\nv_dispig.inf_amd64_f52c4b8723f8dd33\nvldumdx.dll
0x00007ff864e60000 - 0x00007ff864e72000 	C:\Windows\SYSTEM32\msasn1.dll
0x00007ff85db00000 - 0x00007ff85db32000 	C:\Windows\SYSTEM32\cryptnet.dll
0x00007ff865e40000 - 0x00007ff865fa7000 	C:\Windows\System32\CRYPT32.dll
0x00007ff85d850000 - 0x00007ff85d9b0000 	C:\Windows\SYSTEM32\drvstore.dll
0x00007ff865290000 - 0x00007ff8652bc000 	C:\Windows\SYSTEM32\devobj.dll
0x00007ff8652e0000 - 0x00007ff86532e000 	C:\Windows\SYSTEM32\cfgmgr32.dll
0x00007ff864cc0000 - 0x00007ff864d08000 	C:\Windows\SYSTEM32\wldp.dll
0x00007ff864d40000 - 0x00007ff864d4c000 	C:\Windows\SYSTEM32\cryptbase.dll
0x00007ff865c10000 - 0x00007ff865c7b000 	C:\Windows\System32\WINTRUST.DLL
0x00007ff866120000 - 0x00007ff86613f000 	C:\Windows\System32\imagehlp.dll
0x00007ff864dd0000 - 0x00007ff864deb000 	C:\Windows\SYSTEM32\CRYPTSP.dll
0x00007ff864570000 - 0x00007ff8645a5000 	C:\Windows\system32\rsaenh.dll
0x00007ff864f10000 - 0x00007ff864f38000 	C:\Windows\SYSTEM32\bcrypt.dll
0x00007ff817270000 - 0x00007ff81987b000 	C:\Windows\System32\DriverStore\FileRepository\nv_dispig.inf_amd64_f52c4b8723f8dd33\nvd3dumx.dll
0x00007ff85dd30000 - 0x00007ff85dd78000 	C:\Windows\SYSTEM32\directxdatabasehelper.dll
0x00007ff864ab0000 - 0x00007ff864ad6000 	C:\Windows\SYSTEM32\gpapi.dll
0x00007ffff7b90000 - 0x00007ffff7c36000 	C:\Users\Anon\.jdks\corretto-1.8.0_372\jre\bin\freetype.dll
0x00007ff833410000 - 0x00007ff83345b000 	C:\Users\Anon\.jdks\corretto-1.8.0_372\jre\bin\fontmanager.dll
0x00007ff840b20000 - 0x00007ff840c4d000 	C:\Windows\SYSTEM32\textinputframework.dll
0x00007ff846f20000 - 0x00007ff846f3a000 	C:\Users\Anon\.jdks\corretto-1.8.0_372\jre\bin\net.dll
0x00007ff864a40000 - 0x00007ff864aa9000 	C:\Windows\system32\mswsock.dll
0x00007ff846f00000 - 0x00007ff846f12000 	C:\Users\Anon\.jdks\corretto-1.8.0_372\jre\bin\nio.dll
0x00007ff864120000 - 0x00007ff864213000 	C:\Windows\SYSTEM32\DNSAPI.dll
0x00007ff8640b0000 - 0x00007ff8640dd000 	C:\Windows\SYSTEM32\IPHLPAPI.DLL
0x00007ff866f40000 - 0x00007ff866f49000 	C:\Windows\System32\NSI.dll
0x00000000612b0000 - 0x00000000612d6000 	C:\Program Files\Bonjour\mdnsNSP.dll
0x00007ff85b470000 - 0x00007ff85b47a000 	C:\Windows\System32\rasadhlp.dll
0x00007ff85d6c0000 - 0x00007ff85d744000 	C:\Windows\System32\fwpuclnt.dll
0x00007ff84a4a0000 - 0x00007ff84a4ac000 	C:\Users\Anon\.jdks\corretto-1.8.0_372\jre\bin\jsound.dll
0x00007ff84a070000 - 0x00007ff84a07b000 	C:\Users\Anon\.jdks\corretto-1.8.0_372\jre\bin\jsoundds.dll
0x00007ff800a70000 - 0x00007ff800b12000 	C:\Windows\SYSTEM32\DSOUND.dll
0x00007ff800170000 - 0x00007ff800221000 	C:\Windows\SYSTEM32\ResampleDmo.DLL
0x00007ff8650b0000 - 0x00007ff8650fd000 	C:\Windows\SYSTEM32\powrprof.dll
0x00007ff83c9e0000 - 0x00007ff83ca09000 	C:\Windows\SYSTEM32\winmmbase.dll
0x00007ff8510b0000 - 0x00007ff8510bb000 	C:\Windows\SYSTEM32\msdmo.dll
0x00007ff864f40000 - 0x00007ff864f53000 	C:\Windows\SYSTEM32\UMPDC.dll
0x00007ff85c440000 - 0x00007ff85c4dd000 	C:\Windows\SYSTEM32\MMDevAPI.DLL
0x00007ff858740000 - 0x00007ff858786000 	C:\Windows\SYSTEM32\wdmaud.drv
0x00007ff85e7d0000 - 0x00007ff85e7db000 	C:\Windows\SYSTEM32\AVRT.dll
0x00007ff862460000 - 0x00007ff862469000 	C:\Windows\SYSTEM32\ksuser.dll
0x00007ff858230000 - 0x00007ff85841c000 	C:\Windows\SYSTEM32\AUDIOSES.DLL
0x00007ff860980000 - 0x00007ff86098e000 	C:\Windows\SYSTEM32\msacm32.drv
0x00007ff858720000 - 0x00007ff85873e000 	C:\Windows\SYSTEM32\MSACM32.dll
0x00007ff858710000 - 0x00007ff85871b000 	C:\Windows\SYSTEM32\midimap.dll
0x00007ff866060000 - 0x00007ff866110000 	C:\Windows\System32\clbcatq.dll
0x00007ff862b80000 - 0x00007ff862b95000 	C:\Windows\SYSTEM32\resourcepolicyclient.dll
0x00007ff850260000 - 0x00007ff8503d4000 	C:\Windows\System32\Windows.UI.dll
0x00007ff8009f0000 - 0x00007ff800a6b000 	C:\Users\Anon\Desktop\natives\lwjgl.dll
0x00007ffff6150000 - 0x00007ffff63c0000 	C:\Users\Anon\Desktop\natives\jemalloc.dll
0x00007ffff8430000 - 0x00007ffff84b2000 	C:\Users\Anon\Desktop\natives\glfw.dll
0x00007ff81c180000 - 0x00007ff81c1c6000 	C:\Windows\SYSTEM32\dinput8.dll
0x00007ff83fb90000 - 0x00007ff83fba1000 	C:\Windows\SYSTEM32\xinput1_4.dll
0x00007ff8455a0000 - 0x00007ff8457a1000 	C:\Windows\SYSTEM32\inputhost.dll
0x00007ff8620f0000 - 0x00007ff862223000 	C:\Windows\SYSTEM32\CoreMessaging.dll
0x00007ff85e8d0000 - 0x00007ff85ea04000 	C:\Windows\System32\AppXDeploymentClient.dll
0x00007ffffb250000 - 0x00007ffffeb82000 	C:\Windows\System32\DriverStore\FileRepository\nv_dispig.inf_amd64_f52c4b8723f8dd33\nvoglv64.dll
0x00007ff8669b0000 - 0x00007ff866e24000 	C:\Windows\System32\SETUPAPI.dll
0x00007ff862590000 - 0x00007ff8625a4000 	C:\Windows\SYSTEM32\WTSAPI32.dll
0x00007ff864600000 - 0x00007ff864634000 	C:\Windows\SYSTEM32\ntmarta.dll
0x00007ff864d60000 - 0x00007ff864dc6000 	C:\Windows\SYSTEM32\WINSTA.dll
0x00007ff85c830000 - 0x00007ff85cb9c000 	C:\Windows\SYSTEM32\CoreUIComponents.dll
0x00007ff804c20000 - 0x00007ff804c7e000 	C:\Users\Anon\Desktop\natives\lwjgl_opengl.dll
0x00007ff862ec0000 - 0x00007ff8630ee000 	C:\Windows\SYSTEM32\dbghelp.dll

VM Arguments:
jvm_args: -Dorg.lwjgl.librarypath=C:/Users/Anon/Desktop/natives -Dfile.encoding=windows-1252 -Duser.country=US -Duser.language=en -Duser.variant 
java_command: rt4.client
java_class_path (initial): C:\Users\Anon\Projects\rt4-client\client\build\classes\java\main;C:\Users\Anon\Projects\rt4-client\client\build\classes\kotlin\main;C:\Users\Anon\Projects\rt4-client\client\build\resources\main;C:\Users\Anon\.gradle\caches\modules-2\files-2.1\org.jetbrains.kotlin\kotlin-stdlib-jdk8\1.4.10\998caa30623f73223194a8b657abd2baec4880ea\kotlin-stdlib-jdk8-1.4.10.jar;C:\Users\Anon\.gradle\caches\modules-2\files-2.1\org.jetbrains.kotlin\kotlin-stdlib-jdk7\1.4.10\30e46450b0bb3dbf43898d2f461be4a942784780\kotlin-stdlib-jdk7-1.4.10.jar;C:\Users\Anon\.gradle\caches\modules-2\files-2.1\org.jetbrains.kotlin\kotlin-stdlib\1.4.10\ea29e063d2bbe695be13e9d044dcfb0c7add398e\kotlin-stdlib-1.4.10.jar;C:\Users\Anon\Projects\rt4-client\signlink\build\libs\signlink-1.0.0.jar;C:\Users\Anon\Projects\rt4-client\lib\gson.jar;C:\Users\Anon\Projects\rt4-client\lib\gluegen-rt.jar;C:\Users\Anon\Projects\rt4-client\lib\gluegen-rt-natives-windows-amd64.jar;C:\Users\Anon\Projects\rt4-client\lib\gluegen-rt-natives-windows-i586.jar;C:\Users\Anon\Projects\rt4-client\lib\gluegen-rt-natives-linux-amd64.jar;C:\Users\Anon\Projects\rt4-client\lib\gluegen-rt-natives-linux-i586.jar;C:\Users\Anon\Projects\rt4-client\lib\gluegen-rt-natives-macosx-universal.jar;C:\Users\Anon\Projects\rt4-client\lib\gluegen-rt-natives-android-aarch64.jar;C:\Users\Anon\Projects\rt4-client\lib\gluegen-rt-natives-linux-aarch64.jar;C:\Users\Anon\Projects\rt4-client\lib\jogl-all.jar;C:\Users\Anon\Projects\rt4-client\lib\jogl-all-natives-linux-aarch64.jar;C:\Users\Anon\Projects\rt4-client\lib\jogl-all-natives-windows-amd64.jar;C:\Users\Anon\Projects\rt4-client\lib\jogl-all-natives-windows-i586.jar;C:\Users\Anon\Projects\rt4-client\lib\jogl-all-natives-linux-amd64.jar;C:\Users\Anon\Projects\rt4-client\lib\jogl-all-natives-linux-i586.jar;C:\Users\Anon\Projects\rt4-client\lib\jogl-all-natives-macosx-universal.jar;C:\Users\Anon\Projects\rt4-client\lib\jogl-all-natives-android-aarch64.jar;C:\Users\Anon\Projects\rt4-c
Launcher Type: SUN_STANDARD

Environment Variables:
JAVA_HOME=C:\jdk-8.0.372.7-hotspot
PATH=C:\Program Files\Eclipse Adoptium\jdk-11.0.19.7-hotspot\bin;C:\Python311\Scripts\;C:\Python311\;C:\Windows\system32;C:\Windows;C:\Windows\System32\Wbem;C:\Windows\System32\WindowsPowerShell\v1.0\;C:\Windows\System32\OpenSSH\;C:\Program Files (x86)\NVIDIA Corporation\PhysX\Common;C:\ProgramData\chocolatey\bin;C:\Program Files\Git\cmd;C:\Program Files\dotnet\;C:\Program Files\nodejs\;C:\Users\Anon\AppData\Local\Microsoft\WindowsApps;C:\Users\Anon\AppData\Local\Programs\Microsoft VS Code\bin;C:\Users\Anon\.dotnet\tools;C:\Program Files\dotnet;C:\Users\Anon\AppData\Roaming\npm;C:\Users\Anon\AppData\Local\gitkraken\bin
USERNAME=Anon
OS=Windows_NT
PROCESSOR_IDENTIFIER=Intel64 Family 6 Model 183 Stepping 1, GenuineIntel



---------------  S Y S T E M  ---------------

OS: Windows 11 , 64 bit Build 22621 (10.0.22621.1778)

CPU:total 20 (initial active 20) (10 cores per cpu, 2 threads per core) family 6 model 183 stepping 1, cmov, cx8, fxsr, mmx, sse, sse2, sse3, ssse3, sse4.1, sse4.2, popcnt, avx, avx2, aes, clmul, erms, 3dnowpref, lzcnt, ht, tsc, tscinvbit, bmi1, bmi2, adx

Memory: 4k page, physical 33384440k(17554328k free), swap 35481592k(14362792k free)

vm_info: OpenJDK 64-Bit Server VM (25.372-b07) for windows-amd64 JRE (1.8.0_372-b07), built on Apr 17 2023 22:43:30 by "Administrator" with MS VC++ 12.0 (VS2013)

time: Wed Jul 26 00:43:33 2023
timezone: Pacific Daylight Time
elapsed time: 8.542240 seconds (0d 0h 0m 8s)

